// Jest Snapshot v1, https://goo.gl/fbAQLP

exports[`<FolderItem /> tests should match snapshot 1`] = `
<div>
  <div
    class="item__container"
    style="padding-left: 10px; color: white;"
  >
    <div
      class="item__titleContainer"
    >
      <svg
        aria-hidden="true"
        class="MuiSvgIcon-root MuiSvgIcon-fontSizeMedium css-136s91u-MuiSvgIcon-root"
        data-testid="FolderIcon"
        focusable="false"
        viewBox="0 0 24 24"
      >
        <path
          d="M10 4H4c-1.1 0-1.99.9-1.99 2L2 18c0 1.1.9 2 2 2h16c1.1 0 2-.9 2-2V8c0-1.1-.9-2-2-2h-8l-2-2z"
        />
      </svg>
      <h5
        class="folder__title"
      >
        Folder 1
      </h5>
    </div>
    <div
      style="display: flex; flex-direction: row;"
    >
      <svg
        aria-hidden="true"
        class="MuiSvgIcon-root MuiSvgIcon-fontSizeMedium css-78bnp2-MuiSvgIcon-root"
        data-testid="MoreHorizIcon"
        focusable="false"
        viewBox="0 0 24 24"
      >
        <path
          d="M6 10c-1.1 0-2 .9-2 2s.9 2 2 2 2-.9 2-2-.9-2-2-2zm12 0c-1.1 0-2 .9-2 2s.9 2 2 2 2-.9 2-2-.9-2-2-2zm-6 0c-1.1 0-2 .9-2 2s.9 2 2 2 2-.9 2-2-.9-2-2-2z"
        />
      </svg>
      <svg
        aria-hidden="true"
        class="MuiSvgIcon-root MuiSvgIcon-fontSizeMedium css-z7a6zs-MuiSvgIcon-root"
        data-testid="KeyboardArrowDownIcon"
        focusable="false"
        viewBox="0 0 24 24"
      >
        <path
          d="M7.41 8.59 12 13.17l4.59-4.58L18 10l-6 6-6-6 1.41-1.41z"
        />
      </svg>
    </div>
  </div>
  <div
    style="display: none;"
  />
</div>
`;
